Release 12.4 - xst M.81d (nt64)
Copyright (c) 1995-2010 Xilinx, Inc.  All rights reserved.
--> Parameter TMPDIR set to xst/projnav.tmp


Total REAL time to Xst completion: 0.00 secs
Total CPU time to Xst completion: 0.08 secs
 
--> Parameter xsthdpdir set to xst


Total REAL time to Xst completion: 0.00 secs
Total CPU time to Xst completion: 0.08 secs
 
--> Reading design: ece453_top_level.prj

TABLE OF CONTENTS
  1) Synthesis Options Summary
  2) HDL Compilation
  3) Design Hierarchy Analysis
  4) HDL Analysis
  5) HDL Synthesis
     5.1) HDL Synthesis Report
  6) Advanced HDL Synthesis
     6.1) Advanced HDL Synthesis Report
  7) Low Level Synthesis
  8) Partition Report
  9) Final Report
	9.1) Device utilization summary
	9.2) Partition Resource Summary
	9.3) TIMING REPORT


=========================================================================
*                      Synthesis Options Summary                        *
=========================================================================
---- Source Parameters
Input File Name                    : "ece453_top_level.prj"
Input Format                       : mixed
Ignore Synthesis Constraint File   : NO

---- Target Parameters
Output File Name                   : "ece453_top_level"
Output Format                      : NGC
Target Device                      : xc4vlx80-12-ff1148

---- Source Options
Top Module Name                    : ece453_top_level
Automatic FSM Extraction           : YES
FSM Encoding Algorithm             : Auto
Safe Implementation                : No
FSM Style                          : LUT
RAM Extraction                     : Yes
RAM Style                          : Auto
ROM Extraction                     : Yes
Mux Style                          : Auto
Decoder Extraction                 : YES
Priority Encoder Extraction        : Yes
Shift Register Extraction          : YES
Logical Shifter Extraction         : YES
XOR Collapsing                     : YES
ROM Style                          : Auto
Mux Extraction                     : Yes
Resource Sharing                   : YES
Asynchronous To Synchronous        : NO
Use DSP Block                      : Auto
Automatic Register Balancing       : No

---- Target Options
Add IO Buffers                     : YES
Global Maximum Fanout              : 500
Add Generic Clock Buffer(BUFG)     : 32
Number of Regional Clock Buffers   : 40
Register Duplication               : YES
Slice Packing                      : YES
Optimize Instantiated Primitives   : NO
Use Clock Enable                   : Yes
Use Synchronous Set                : Yes
Use Synchronous Reset              : Yes
Pack IO Registers into IOBs        : Auto
Equivalent register Removal        : YES

---- General Options
Optimization Goal                  : Speed
Optimization Effort                : 1
Power Reduction                    : NO
Keep Hierarchy                     : No
Netlist Hierarchy                  : As_Optimized
RTL Output                         : Yes
Global Optimization                : AllClockNets
Read Cores                         : YES
Write Timing Constraints           : NO
Cross Clock Analysis               : NO
Hierarchy Separator                : /
Bus Delimiter                      : <>
Case Specifier                     : Maintain
Slice Utilization Ratio            : 100
BRAM Utilization Ratio             : 100
DSP48 Utilization Ratio            : 100
Verilog 2001                       : YES
Auto BRAM Packing                  : NO
Slice Utilization Ratio Delta      : 5

=========================================================================


=========================================================================
*                          HDL Compilation                              *
=========================================================================
Compiling verilog file "ece453_master_module.v" in library work
Compiling verilog file "ece453_top_level.v" in library work
Module <ece453_master_module> compiled
Module <ece453_top_level> compiled
No errors in compilation
Analysis of file <"ece453_top_level.prj"> succeeded.
 

=========================================================================
*                     Design Hierarchy Analysis                         *
=========================================================================
Analyzing hierarchy for module <ece453_top_level> in library <work>.

Analyzing hierarchy for module <ece453_master_module> in library <work>.


=========================================================================
*                            HDL Analysis                               *
=========================================================================
Analyzing top module <ece453_top_level>.
Module <ece453_top_level> is correct for synthesis.
 
Analyzing module <ece453_master_module> in library <work>.
Module <ece453_master_module> is correct for synthesis.
 

=========================================================================
*                           HDL Synthesis                               *
=========================================================================

Performing bidirectional port resolution...

Synthesizing Unit <ece453_master_module>.
    Related source file is "ece453_master_module.v".
WARNING:Xst:647 - Input <SPI_MISO> is never used. This port will be preserved and left unconnected if it belongs to a top-level block or it belongs to a sub-block and the hierarchy of this sub-block is preserved.
WARNING:Xst:2563 - Inout <PIO<58>> is never assigned. Tied to value Z.
WARNING:Xst:2563 - Inout <PIO<63>> is never assigned. Tied to value Z.
WARNING:Xst:1305 - Output <VD_NRESET> is never assigned. Tied to value 0.
WARNING:Xst:2563 - Inout <ARM_D<29>> is never assigned. Tied to value Z.
WARNING:Xst:2563 - Inout <ARM_D<4>> is never assigned. Tied to value Z.
WARNING:Xst:647 - Input <ARM_BE_B> is never used. This port will be preserved and left unconnected if it belongs to a top-level block or it belongs to a sub-block and the hierarchy of this sub-block is preserved.
WARNING:Xst:2563 - Inout <PIO<64>> is never assigned. Tied to value Z.
WARNING:Xst:2563 - Inout <PIO<59>> is never assigned. Tied to value Z.
WARNING:Xst:1305 - Output <ACC_PORT_PIN> is never assigned. Tied to value 0000000000000000000000000000000000.
WARNING:Xst:647 - Input <CPLD_RS1_B> is never used. This port will be preserved and left unconnected if it belongs to a top-level block or it belongs to a sub-block and the hierarchy of this sub-block is preserved.
WARNING:Xst:2563 - Inout <ARM_D<5>> is never assigned. Tied to value Z.
WARNING:Xst:1305 - Output <PIO_DIR0> is never assigned. Tied to value 0.
WARNING:Xst:2563 - Inout <PIO<65>> is never assigned. Tied to value Z.
WARNING:Xst:647 - Input <ARM_CS5_B> is never used. This port will be preserved and left unconnected if it belongs to a top-level block or it belongs to a sub-block and the hierarchy of this sub-block is preserved.
WARNING:Xst:2563 - Inout <ARM_D<6>> is never assigned. Tied to value Z.
WARNING:Xst:2563 - Inout <PIO<66>> is never assigned. Tied to value Z.
WARNING:Xst:1305 - Output <PIO_DIR8> is never assigned. Tied to value 0.
WARNING:Xst:2563 - Inout <ARM_D<7>> is never assigned. Tied to value Z.
WARNING:Xst:2563 - Inout <PS2_MOUSE_CLK> is never assigned. Tied to value Z.
WARNING:Xst:2563 - Inout <PIO<67>> is never assigned. Tied to value Z.
WARNING:Xst:2563 - Inout <ARM_D<8>> is never assigned. Tied to value Z.
WARNING:Xst:1305 - Output <LCD_DATA> is never assigned. Tied to value 0000.
WARNING:Xst:2563 - Inout <VE_FIELD_VSYNC> is never assigned. Tied to value Z.
WARNING:Xst:647 - Input <CPLD_AS> is never used. This port will be preserved and left unconnected if it belongs to a top-level block or it belongs to a sub-block and the hierarchy of this sub-block is preserved.
WARNING:Xst:1305 - Output <LCD_E> is never assigned. Tied to value 0.
WARNING:Xst:647 - Input <VD_HS> is never used. This port will be preserved and left unconnected if it belongs to a top-level block or it belongs to a sub-block and the hierarchy of this sub-block is preserved.
WARNING:Xst:1305 - Output <SPI_SS> is never assigned. Tied to value 0.
WARNING:Xst:2563 - Inout <ARM_D<9>> is never assigned. Tied to value Z.
WARNING:Xst:2563 - Inout <PB<0>> is never assigned. Tied to value Z.
WARNING:Xst:647 - Input <VE_VSO> is never used. This port will be preserved and left unconnected if it belongs to a top-level block or it belongs to a sub-block and the hierarchy of this sub-block is preserved.
WARNING:Xst:1305 - Output <FLASH_ADDR> is never assigned. Tied to value 00000000000000000000000.
WARNING:Xst:2563 - Inout <PB<1>> is never assigned. Tied to value Z.
WARNING:Xst:647 - Input <VD_SFL> is never used. This port will be preserved and left unconnected if it belongs to a top-level block or it belongs to a sub-block and the hierarchy of this sub-block is preserved.
WARNING:Xst:647 - Input <RS232_RTS> is never used. This port will be preserved and left unconnected if it belongs to a top-level block or it belongs to a sub-block and the hierarchy of this sub-block is preserved.
WARNING:Xst:2563 - Inout <PB<2>> is never assigned. Tied to value Z.
WARNING:Xst:1305 - Output <PS2_ENABLED> is never assigned. Tied to value 0.
WARNING:Xst:2563 - Inout <PB<3>> is never assigned. Tied to value Z.
WARNING:Xst:1305 - Output <AC97_SYNC> is never assigned. Tied to value 0.
WARNING:Xst:647 - Input <CPLD_WS1_B> is never used. This port will be preserved and left unconnected if it belongs to a top-level block or it belongs to a sub-block and the hierarchy of this sub-block is preserved.
WARNING:Xst:2563 - Inout <PB<4>> is never assigned. Tied to value Z.
WARNING:Xst:1305 - Output <RS232_CTS> is never assigned. Tied to value 0.
WARNING:Xst:1305 - Output <VE_DATA> is never assigned. Tied to value 00000000.
WARNING:Xst:647 - Input <CPLD_NFIO4> is never used. This port will be preserved and left unconnected if it belongs to a top-level block or it belongs to a sub-block and the hierarchy of this sub-block is preserved.
WARNING:Xst:647 - Input <CPLD_NFIO5> is never used. This port will be preserved and left unconnected if it belongs to a top-level block or it belongs to a sub-block and the hierarchy of this sub-block is preserved.
WARNING:Xst:647 - Input <FPGA_CLK_BANK_0> is never used. This port will be preserved and left unconnected if it belongs to a top-level block or it belongs to a sub-block and the hierarchy of this sub-block is preserved.
WARNING:Xst:647 - Input <FPGA_CLK_BANK_1> is never used. This port will be preserved and left unconnected if it belongs to a top-level block or it belongs to a sub-block and the hierarchy of this sub-block is preserved.
WARNING:Xst:2563 - Inout <VE_BLANK> is never assigned. Tied to value Z.
WARNING:Xst:1305 - Output <VGA_PIX_CLK> is never assigned. Tied to value 0.
WARNING:Xst:647 - Input <FPGA_CLK_BANK_5> is never used. This port will be preserved and left unconnected if it belongs to a top-level block or it belongs to a sub-block and the hierarchy of this sub-block is preserved.
WARNING:Xst:1305 - Output <FLASH_NWE> is never assigned. Tied to value 0.
WARNING:Xst:2563 - Inout <VE_HSYNC> is never assigned. Tied to value Z.
WARNING:Xst:1305 - Output <VE_SCRESET_RTC> is never assigned. Tied to value 0.
WARNING:Xst:647 - Input <SYS_RST_N> is never used. This port will be preserved and left unconnected if it belongs to a top-level block or it belongs to a sub-block and the hierarchy of this sub-block is preserved.
WARNING:Xst:647 - Input <ARM_A> is never used. This port will be preserved and left unconnected if it belongs to a top-level block or it belongs to a sub-block and the hierarchy of this sub-block is preserved.
WARNING:Xst:1305 - Output <AC97_ID_0> is never assigned. Tied to value 0.
WARNING:Xst:647 - Input <AC97_BIT_CLK> is never used. This port will be preserved and left unconnected if it belongs to a top-level block or it belongs to a sub-block and the hierarchy of this sub-block is preserved.
WARNING:Xst:647 - Input <VD_LLC> is never used. This port will be preserved and left unconnected if it belongs to a top-level block or it belongs to a sub-block and the hierarchy of this sub-block is preserved.
WARNING:Xst:1305 - Output <AC97_ID_1> is never assigned. Tied to value 0.
WARNING:Xst:1305 - Output <FLASH_NWP> is never assigned. Tied to value 0.
WARNING:Xst:2563 - Inout <FLASH_DATA<10>> is never assigned. Tied to value Z.
WARNING:Xst:647 - Input <ARM_CS0_B> is never used. This port will be preserved and left unconnected if it belongs to a top-level block or it belongs to a sub-block and the hierarchy of this sub-block is preserved.
WARNING:Xst:647 - Input <VD_VS_FIELD> is never used. This port will be preserved and left unconnected if it belongs to a top-level block or it belongs to a sub-block and the hierarchy of this sub-block is preserved.
WARNING:Xst:2563 - Inout <PS2_KEYB_DATA> is never assigned. Tied to value Z.
WARNING:Xst:2563 - Inout <FLASH_DATA<11>> is never assigned. Tied to value Z.
WARNING:Xst:647 - Input <ARM_OE_B> is never used. This port will be preserved and left unconnected if it belongs to a top-level block or it belongs to a sub-block and the hierarchy of this sub-block is preserved.
WARNING:Xst:1305 - Output <LCD_RS> is never assigned. Tied to value 0.
WARNING:Xst:1305 - Output <LCD_BACK> is never assigned. Tied to value 0.
WARNING:Xst:647 - Input <ARM_RESET_OUT> is never used. This port will be preserved and left unconnected if it belongs to a top-level block or it belongs to a sub-block and the hierarchy of this sub-block is preserved.
WARNING:Xst:2563 - Inout <FLASH_DATA<12>> is never assigned. Tied to value Z.
WARNING:Xst:1305 - Output <LCD_RW> is never assigned. Tied to value 0.
WARNING:Xst:1305 - Output <VGA_BLANK> is never assigned. Tied to value 0.
WARNING:Xst:647 - Input <FPGA_CLK1> is never used. This port will be preserved and left unconnected if it belongs to a top-level block or it belongs to a sub-block and the hierarchy of this sub-block is preserved.
WARNING:Xst:647 - Input <FPGA_CLK2> is never used. This port will be preserved and left unconnected if it belongs to a top-level block or it belongs to a sub-block and the hierarchy of this sub-block is preserved.
WARNING:Xst:2563 - Inout <FLASH_DATA<13>> is never assigned. Tied to value Z.
WARNING:Xst:647 - Input <FPGA_CLK3> is never used. This port will be preserved and left unconnected if it belongs to a top-level block or it belongs to a sub-block and the hierarchy of this sub-block is preserved.
WARNING:Xst:647 - Input <VE_CLK> is never used. This port will be preserved and left unconnected if it belongs to a top-level block or it belongs to a sub-block and the hierarchy of this sub-block is preserved.
WARNING:Xst:1305 - Output <VGA_HSYNC> is never assigned. Tied to value 0.
WARNING:Xst:647 - Input <PIO_IN> is never used. This port will be preserved and left unconnected if it belongs to a top-level block or it belongs to a sub-block and the hierarchy of this sub-block is preserved.
WARNING:Xst:2563 - Inout <FLASH_DATA<14>> is never assigned. Tied to value Z.
WARNING:Xst:1305 - Output <VGA_PSAVE> is never assigned. Tied to value 0.
WARNING:Xst:647 - Input <VD_DATA_DEC> is never used. This port will be preserved and left unconnected if it belongs to a top-level block or it belongs to a sub-block and the hierarchy of this sub-block is preserved.
WARNING:Xst:2563 - Inout <FLASH_DATA<15>> is never assigned. Tied to value Z.
WARNING:Xst:647 - Input <ARM_CS1_B> is never used. This port will be preserved and left unconnected if it belongs to a top-level block or it belongs to a sub-block and the hierarchy of this sub-block is preserved.
WARNING:Xst:647 - Input <VE_CLAMP> is never used. This port will be preserved and left unconnected if it belongs to a top-level block or it belongs to a sub-block and the hierarchy of this sub-block is preserved.
WARNING:Xst:647 - Input <CPLD_RS5_B> is never used. This port will be preserved and left unconnected if it belongs to a top-level block or it belongs to a sub-block and the hierarchy of this sub-block is preserved.
WARNING:Xst:1305 - Output <PIO_DIR16> is never assigned. Tied to value 0.
WARNING:Xst:647 - Input <RS232_RX> is never used. This port will be preserved and left unconnected if it belongs to a top-level block or it belongs to a sub-block and the hierarchy of this sub-block is preserved.
WARNING:Xst:1305 - Output <PIO_DIR24> is never assigned. Tied to value 0.
WARNING:Xst:1305 - Output <AC97_RESET_N> is never assigned. Tied to value 0.
WARNING:Xst:647 - Input <VE_CSO_HSO> is never used. This port will be preserved and left unconnected if it belongs to a top-level block or it belongs to a sub-block and the hierarchy of this sub-block is preserved.
WARNING:Xst:647 - Input <VE_TTXREQ> is never used. This port will be preserved and left unconnected if it belongs to a top-level block or it belongs to a sub-block and the hierarchy of this sub-block is preserved.
WARNING:Xst:1305 - Output <PIO_DIR32> is never assigned. Tied to value 0.
WARNING:Xst:1305 - Output <PIO_DIR40> is never assigned. Tied to value 0.
WARNING:Xst:647 - Input <AC97_SDATA_IN> is never used. This port will be preserved and left unconnected if it belongs to a top-level block or it belongs to a sub-block and the hierarchy of this sub-block is preserved.
WARNING:Xst:1305 - Output <RS232_TX> is never assigned. Tied to value 0.
WARNING:Xst:2563 - Inout <PS2_MOUSE_DATA> is never assigned. Tied to value Z.
WARNING:Xst:2563 - Inout <ARM_D<10>> is never assigned. Tied to value Z.
WARNING:Xst:1305 - Output <VD_NPWRDWN> is never assigned. Tied to value 0.
WARNING:Xst:2563 - Inout <FLASH_DATA<0>> is never assigned. Tied to value Z.
WARNING:Xst:647 - Input <ARM_CS2_B> is never used. This port will be preserved and left unconnected if it belongs to a top-level block or it belongs to a sub-block and the hierarchy of this sub-block is preserved.
WARNING:Xst:2563 - Inout <ARM_D<11>> is never assigned. Tied to value Z.
WARNING:Xst:1305 - Output <FLASH_NRESET> is never assigned. Tied to value 0.
WARNING:Xst:1305 - Output <PIO_OE_B0> is never assigned. Tied to value 0.
WARNING:Xst:2563 - Inout <FLASH_DATA<1>> is never assigned. Tied to value Z.
WARNING:Xst:1305 - Output <SPI_SCK> is never assigned. Tied to value 0.
WARNING:Xst:2563 - Inout <ARM_D<12>> is never assigned. Tied to value Z.
WARNING:Xst:1305 - Output <VGA_B> is never assigned. Tied to value 00000000.
WARNING:Xst:2563 - Inout <FLASH_DATA<2>> is never assigned. Tied to value Z.
WARNING:Xst:2563 - Inout <ARM_D<13>> is never assigned. Tied to value Z.
WARNING:Xst:1305 - Output <PIO_OE_B8> is never assigned. Tied to value 0.
WARNING:Xst:1305 - Output <VGA_G> is never assigned. Tied to value 00000000.
WARNING:Xst:1305 - Output <VE_RESET> is never assigned. Tied to value 0.
WARNING:Xst:2563 - Inout <FLASH_DATA<3>> is never assigned. Tied to value Z.
WARNING:Xst:647 - Input <CPLD_WS5_B> is never used. This port will be preserved and left unconnected if it belongs to a top-level block or it belongs to a sub-block and the hierarchy of this sub-block is preserved.
WARNING:Xst:2563 - Inout <ARM_D<14>> is never assigned. Tied to value Z.
WARNING:Xst:1305 - Output <SPI_MOSI> is never assigned. Tied to value 0.
WARNING:Xst:1305 - Output <PIO_OE_B16> is never assigned. Tied to value 0.
WARNING:Xst:647 - Input <ARM_RW> is never used. This port will be preserved and left unconnected if it belongs to a top-level block or it belongs to a sub-block and the hierarchy of this sub-block is preserved.
WARNING:Xst:1305 - Output <PIO_OE_B24> is never assigned. Tied to value 0.
WARNING:Xst:2563 - Inout <DIP_SW<0>> is never assigned. Tied to value Z.
WARNING:Xst:2563 - Inout <FLASH_DATA<4>> is never assigned. Tied to value Z.
WARNING:Xst:2563 - Inout <ARM_D<20>> is never assigned. Tied to value Z.
WARNING:Xst:2563 - Inout <ARM_D<15>> is never assigned. Tied to value Z.
WARNING:Xst:1305 - Output <PIO_OE_B32> is never assigned. Tied to value 0.
WARNING:Xst:1305 - Output <VGA_R> is never assigned. Tied to value 00000000.
WARNING:Xst:2563 - Inout <FLASH_DATA<5>> is never assigned. Tied to value Z.
WARNING:Xst:2563 - Inout <DIP_SW<1>> is never assigned. Tied to value Z.
WARNING:Xst:1305 - Output <AC97_SDATA_OUT> is never assigned. Tied to value 0.
WARNING:Xst:2563 - Inout <PIO<50>> is never assigned. Tied to value Z.
WARNING:Xst:1305 - Output <PIO_OE_B40> is never assigned. Tied to value 0.
WARNING:Xst:647 - Input <ARM_CS3_B> is never used. This port will be preserved and left unconnected if it belongs to a top-level block or it belongs to a sub-block and the hierarchy of this sub-block is preserved.
WARNING:Xst:2563 - Inout <ARM_D<16>> is never assigned. Tied to value Z.
WARNING:Xst:2563 - Inout <ARM_D<21>> is never assigned. Tied to value Z.
WARNING:Xst:1305 - Output <FLASH_NBYTE> is never assigned. Tied to value 0.
WARNING:Xst:647 - Input <FLASH_NRYBY> is never used. This port will be preserved and left unconnected if it belongs to a top-level block or it belongs to a sub-block and the hierarchy of this sub-block is preserved.
WARNING:Xst:1305 - Output <FLASH_NCE> is never assigned. Tied to value 0.
WARNING:Xst:2563 - Inout <FLASH_DATA<6>> is never assigned. Tied to value Z.
WARNING:Xst:2563 - Inout <DIP_SW<2>> is never assigned. Tied to value Z.
WARNING:Xst:2563 - Inout <PIO<51>> is never assigned. Tied to value Z.
WARNING:Xst:2563 - Inout <ARM_D<22>> is never assigned. Tied to value Z.
WARNING:Xst:2563 - Inout <ARM_D<17>> is never assigned. Tied to value Z.
WARNING:Xst:1305 - Output <VGA_VSYNC> is never assigned. Tied to value 0.
WARNING:Xst:2563 - Inout <FLASH_DATA<7>> is never assigned. Tied to value Z.
WARNING:Xst:2563 - Inout <DIP_SW<3>> is never assigned. Tied to value Z.
WARNING:Xst:2563 - Inout <PIO<52>> is never assigned. Tied to value Z.
WARNING:Xst:2563 - Inout <ARM_D<23>> is never assigned. Tied to value Z.
WARNING:Xst:2563 - Inout <ARM_D<18>> is never assigned. Tied to value Z.
WARNING:Xst:2563 - Inout <FLASH_DATA<8>> is never assigned. Tied to value Z.
WARNING:Xst:2563 - Inout <DIP_SW<4>> is never assigned. Tied to value Z.
WARNING:Xst:2563 - Inout <PIO<53>> is never assigned. Tied to value Z.
WARNING:Xst:2563 - Inout <PIO<48>> is never assigned. Tied to value Z.
WARNING:Xst:2563 - Inout <ARM_D<24>> is never assigned. Tied to value Z.
WARNING:Xst:2563 - Inout <ARM_D<19>> is never assigned. Tied to value Z.
WARNING:Xst:1305 - Output <VE_PAL_NTSC> is never assigned. Tied to value 0.
WARNING:Xst:2563 - Inout <DIP_SW<5>> is never assigned. Tied to value Z.
WARNING:Xst:2563 - Inout <FLASH_DATA<9>> is never assigned. Tied to value Z.
WARNING:Xst:2563 - Inout <PIO<54>> is never assigned. Tied to value Z.
WARNING:Xst:2563 - Inout <PIO<49>> is never assigned. Tied to value Z.
WARNING:Xst:1305 - Output <ARM_IRQ> is never assigned. Tied to value 0.
WARNING:Xst:2563 - Inout <ARM_D<25>> is never assigned. Tied to value Z.
WARNING:Xst:2563 - Inout <ARM_D<30>> is never assigned. Tied to value Z.
WARNING:Xst:1305 - Output <PIO_OUT> is never assigned. Tied to value 000000000000000000000000000000000000000000000000.
WARNING:Xst:2563 - Inout <I2C_SDA> is never assigned. Tied to value Z.
WARNING:Xst:647 - Input <VD_INTRQ> is never used. This port will be preserved and left unconnected if it belongs to a top-level block or it belongs to a sub-block and the hierarchy of this sub-block is preserved.
WARNING:Xst:2563 - Inout <ARM_D<0>> is never assigned. Tied to value Z.
WARNING:Xst:2563 - Inout <DIP_SW<6>> is never assigned. Tied to value Z.
WARNING:Xst:1305 - Output <FLASH_NOE_E> is never assigned. Tied to value 0.
WARNING:Xst:2563 - Inout <PIO<55>> is never assigned. Tied to value Z.
WARNING:Xst:2563 - Inout <PIO<60>> is never assigned. Tied to value Z.
WARNING:Xst:2563 - Inout <PS2_KEYB_CLK> is never assigned. Tied to value Z.
WARNING:Xst:2563 - Inout <ARM_D<31>> is never assigned. Tied to value Z.
WARNING:Xst:2563 - Inout <ARM_D<26>> is never assigned. Tied to value Z.
WARNING:Xst:2563 - Inout <I2C_SCL> is never assigned. Tied to value Z.
WARNING:Xst:2563 - Inout <ARM_D<1>> is never assigned. Tied to value Z.
WARNING:Xst:2563 - Inout <DIP_SW<7>> is never assigned. Tied to value Z.
WARNING:Xst:2563 - Inout <PIO<61>> is never assigned. Tied to value Z.
WARNING:Xst:2563 - Inout <PIO<56>> is never assigned. Tied to value Z.
WARNING:Xst:2563 - Inout <ARM_D<27>> is never assigned. Tied to value Z.
WARNING:Xst:647 - Input <ARM_CLK0> is never used. This port will be preserved and left unconnected if it belongs to a top-level block or it belongs to a sub-block and the hierarchy of this sub-block is preserved.
WARNING:Xst:2563 - Inout <ARM_D<2>> is never assigned. Tied to value Z.
WARNING:Xst:647 - Input <SYS_CLK> is never used. This port will be preserved and left unconnected if it belongs to a top-level block or it belongs to a sub-block and the hierarchy of this sub-block is preserved.
WARNING:Xst:1305 - Output <VE_TTX> is never assigned. Tied to value 0.
WARNING:Xst:2563 - Inout <PIO<62>> is never assigned. Tied to value Z.
WARNING:Xst:2563 - Inout <PIO<57>> is never assigned. Tied to value Z.
WARNING:Xst:1305 - Output <LED> is never assigned. Tied to value 00000000.
WARNING:Xst:2563 - Inout <ARM_D<28>> is never assigned. Tied to value Z.
WARNING:Xst:1305 - Output <VGA_SYNC> is never assigned. Tied to value 0.
WARNING:Xst:2563 - Inout <ARM_D<3>> is never assigned. Tied to value Z.
WARNING:Xst:1780 - Signal <data1> is never used or assigned. This unconnected signal will be trimmed during the optimization process.
WARNING:Xst:1780 - Signal <addr1> is never used or assigned. This unconnected signal will be trimmed during the optimization process.
WARNING:Xst:1780 - Signal <WS1> is never used or assigned. This unconnected signal will be trimmed during the optimization process.
WARNING:Xst:1780 - Signal <RS1> is never used or assigned. This unconnected signal will be trimmed during the optimization process.
WARNING:Xst:1780 - Signal <BE1> is never used or assigned. This unconnected signal will be trimmed during the optimization process.
WARNING:Xst:1780 - Signal <AS1> is never used or assigned. This unconnected signal will be trimmed during the optimization process.
    Found 1-bit tristate buffer for signal <PS2_MOUSE_CLK>.
    Found 1-bit tristate buffer for signal <VE_FIELD_VSYNC>.
    Found 1-bit tristate buffer for signal <VE_BLANK>.
    Found 1-bit tristate buffer for signal <VE_HSYNC>.
    Found 1-bit tristate buffer for signal <PS2_KEYB_DATA>.
    Found 1-bit tristate buffer for signal <PS2_MOUSE_DATA>.
    Found 1-bit tristate buffer for signal <I2C_SDA>.
    Found 1-bit tristate buffer for signal <PS2_KEYB_CLK>.
    Found 1-bit tristate buffer for signal <I2C_SCL>.
    Found 1-bit tristate buffer for signal <FLASH_DATA<15>>.
    Found 1-bit tristate buffer for signal <FLASH_DATA<14>>.
    Found 1-bit tristate buffer for signal <FLASH_DATA<13>>.
    Found 1-bit tristate buffer for signal <FLASH_DATA<12>>.
    Found 1-bit tristate buffer for signal <FLASH_DATA<11>>.
    Found 1-bit tristate buffer for signal <FLASH_DATA<10>>.
    Found 1-bit tristate buffer for signal <FLASH_DATA<9>>.
    Found 1-bit tristate buffer for signal <FLASH_DATA<8>>.
    Found 1-bit tristate buffer for signal <FLASH_DATA<7>>.
    Found 1-bit tristate buffer for signal <FLASH_DATA<6>>.
    Found 1-bit tristate buffer for signal <FLASH_DATA<5>>.
    Found 1-bit tristate buffer for signal <FLASH_DATA<4>>.
    Found 1-bit tristate buffer for signal <FLASH_DATA<3>>.
    Found 1-bit tristate buffer for signal <FLASH_DATA<2>>.
    Found 1-bit tristate buffer for signal <FLASH_DATA<1>>.
    Found 1-bit tristate buffer for signal <FLASH_DATA<0>>.
    Found 1-bit tristate buffer for signal <DIP_SW<7>>.
    Found 1-bit tristate buffer for signal <DIP_SW<6>>.
    Found 1-bit tristate buffer for signal <DIP_SW<5>>.
    Found 1-bit tristate buffer for signal <DIP_SW<4>>.
    Found 1-bit tristate buffer for signal <DIP_SW<3>>.
    Found 1-bit tristate buffer for signal <DIP_SW<2>>.
    Found 1-bit tristate buffer for signal <DIP_SW<1>>.
    Found 1-bit tristate buffer for signal <DIP_SW<0>>.
    Found 1-bit tristate buffer for signal <ARM_D<31>>.
    Found 1-bit tristate buffer for signal <ARM_D<30>>.
    Found 1-bit tristate buffer for signal <ARM_D<29>>.
    Found 1-bit tristate buffer for signal <ARM_D<28>>.
    Found 1-bit tristate buffer for signal <ARM_D<27>>.
    Found 1-bit tristate buffer for signal <ARM_D<26>>.
    Found 1-bit tristate buffer for signal <ARM_D<25>>.
    Found 1-bit tristate buffer for signal <ARM_D<24>>.
    Found 1-bit tristate buffer for signal <ARM_D<23>>.
    Found 1-bit tristate buffer for signal <ARM_D<22>>.
    Found 1-bit tristate buffer for signal <ARM_D<21>>.
    Found 1-bit tristate buffer for signal <ARM_D<20>>.
    Found 1-bit tristate buffer for signal <ARM_D<19>>.
    Found 1-bit tristate buffer for signal <ARM_D<18>>.
    Found 1-bit tristate buffer for signal <ARM_D<17>>.
    Found 1-bit tristate buffer for signal <ARM_D<16>>.
    Found 1-bit tristate buffer for signal <ARM_D<15>>.
    Found 1-bit tristate buffer for signal <ARM_D<14>>.
    Found 1-bit tristate buffer for signal <ARM_D<13>>.
    Found 1-bit tristate buffer for signal <ARM_D<12>>.
    Found 1-bit tristate buffer for signal <ARM_D<11>>.
    Found 1-bit tristate buffer for signal <ARM_D<10>>.
    Found 1-bit tristate buffer for signal <ARM_D<9>>.
    Found 1-bit tristate buffer for signal <ARM_D<8>>.
    Found 1-bit tristate buffer for signal <ARM_D<7>>.
    Found 1-bit tristate buffer for signal <ARM_D<6>>.
    Found 1-bit tristate buffer for signal <ARM_D<5>>.
    Found 1-bit tristate buffer for signal <ARM_D<4>>.
    Found 1-bit tristate buffer for signal <ARM_D<3>>.
    Found 1-bit tristate buffer for signal <ARM_D<2>>.
    Found 1-bit tristate buffer for signal <ARM_D<1>>.
    Found 1-bit tristate buffer for signal <ARM_D<0>>.
    Found 1-bit tristate buffer for signal <PB<4>>.
    Found 1-bit tristate buffer for signal <PB<3>>.
    Found 1-bit tristate buffer for signal <PB<2>>.
    Found 1-bit tristate buffer for signal <PB<1>>.
    Found 1-bit tristate buffer for signal <PB<0>>.
    Found 1-bit tristate buffer for signal <PIO<67>>.
    Found 1-bit tristate buffer for signal <PIO<66>>.
    Found 1-bit tristate buffer for signal <PIO<65>>.
    Found 1-bit tristate buffer for signal <PIO<64>>.
    Found 1-bit tristate buffer for signal <PIO<63>>.
    Found 1-bit tristate buffer for signal <PIO<62>>.
    Found 1-bit tristate buffer for signal <PIO<61>>.
    Found 1-bit tristate buffer for signal <PIO<60>>.
    Found 1-bit tristate buffer for signal <PIO<59>>.
    Found 1-bit tristate buffer for signal <PIO<58>>.
    Found 1-bit tristate buffer for signal <PIO<57>>.
    Found 1-bit tristate buffer for signal <PIO<56>>.
    Found 1-bit tristate buffer for signal <PIO<55>>.
    Found 1-bit tristate buffer for signal <PIO<54>>.
    Found 1-bit tristate buffer for signal <PIO<53>>.
    Found 1-bit tristate buffer for signal <PIO<52>>.
    Found 1-bit tristate buffer for signal <PIO<51>>.
    Found 1-bit tristate buffer for signal <PIO<50>>.
    Found 1-bit tristate buffer for signal <PIO<49>>.
    Found 1-bit tristate buffer for signal <PIO<48>>.
    Summary:
	inferred  90 Tristate(s).
Unit <ece453_master_module> synthesized.


Synthesizing Unit <ece453_top_level>.
    Related source file is "ece453_top_level.v".
    Found 48-bit tristate buffer for signal <MZA_PIO<47:0>>.
    Summary:
	inferred  48 Tristate(s).
Unit <ece453_top_level> synthesized.


=========================================================================
HDL Synthesis Report

Macro Statistics
# Tristates                                            : 138
 1-bit tristate buffer                                 : 138

=========================================================================

=========================================================================
*                       Advanced HDL Synthesis                          *
=========================================================================


=========================================================================
Advanced HDL Synthesis Report

Found no macro
=========================================================================

=========================================================================
*                         Low Level Synthesis                           *
=========================================================================

Optimizing unit <ece453_top_level> ...

Mapping all equations...
Building and optimizing final netlist ...
Found area constraint ratio of 100 (+ 5) on block ece453_top_level, actual ratio is 0.

Final Macro Processing ...

=========================================================================
Final Register Report

Found no macro
=========================================================================

=========================================================================
*                           Partition Report                            *
=========================================================================

Partition Implementation Status
-------------------------------

  No Partitions were found in this design.

-------------------------------

=========================================================================
*                            Final Report                               *
=========================================================================
Final Results
RTL Top Level Output File Name     : ece453_top_level.ngr
Top Level Output File Name         : ece453_top_level
Output Format                      : NGC
Optimization Goal                  : Speed
Keep Hierarchy                     : No

Design Statistics
# IOs                              : 362

Cell Usage :
# BELS                             : 2
#      GND                         : 1
#      VCC                         : 1
# IO Buffers                       : 286
#      OBUF                        : 148
#      OBUFT                       : 138
=========================================================================

Device utilization summary:
---------------------------

Selected Device : 4vlx80ff1148-12 

 Number of Slices:                        0  out of  35840     0%  
 Number of IOs:                         362
 Number of bonded IOBs:                 286  out of    768    37%  

---------------------------
Partition Resource Summary:
---------------------------

  No Partitions were found in this design.

---------------------------


=========================================================================
TIMING REPORT

NOTE: THESE TIMING NUMBERS ARE ONLY A SYNTHESIS ESTIMATE.
      FOR ACCURATE TIMING INFORMATION PLEASE REFER TO THE TRACE REPORT
      GENERATED AFTER PLACE-and-ROUTE.

Clock Information:
------------------
No clock signals found in this design

Asynchronous Control Signals Information:
----------------------------------------
No asynchronous control signals found in this design

Timing Summary:
---------------
Speed Grade: -12

   Minimum period: No path found
   Minimum input arrival time before clock: No path found
   Maximum output required time after clock: No path found
   Maximum combinational path delay: No path found

Timing Detail:
--------------
All values displayed in nanoseconds (ns)

=========================================================================


Total REAL time to Xst completion: 5.00 secs
Total CPU time to Xst completion: 5.11 secs
 
--> 

Total memory usage is 283536 kilobytes

Number of errors   :    0 (   0 filtered)
Number of warnings :  195 (   0 filtered)
Number of infos    :    0 (   0 filtered)

