MO audio NULL ac97.v vlg32/audio.bin 1335192001
MO ac97commands NULL ac97.v vlg5A/ac97commands.bin 1335192001
MO ece453_top_level NULL ece453_top_level.v vlg4A/ece453__top__level.bin 1335041203
MO CLOCK_GEN NULL CLOCK_GEN.v vlg79/_c_l_o_c_k___g_e_n.bin 1335041138
MO ac97 NULL ac97.v vlg5C/ac97.bin 1335192001
MO main NULL main.v vlg2D/main.bin 1335041138
MO processing NULL processing.v vlg01/processing.bin 1335041138
MO ece453_master_module NULL ece453_master_module.v vlg21/ece453__master__module.bin 1335041203
