Release 12.4 - xst M.81d (nt64)
Copyright (c) 1995-2010 Xilinx, Inc.  All rights reserved.
--> Parameter TMPDIR set to xst/projnav.tmp


Total REAL time to Xst completion: 0.00 secs
Total CPU time to Xst completion: 0.08 secs
 
--> Parameter xsthdpdir set to xst


Total REAL time to Xst completion: 0.00 secs
Total CPU time to Xst completion: 0.08 secs
 
--> Reading design: ece453_top_level.prj

TABLE OF CONTENTS
  1) Synthesis Options Summary
  2) HDL Compilation
  3) Design Hierarchy Analysis
  4) HDL Analysis
  5) HDL Synthesis
     5.1) HDL Synthesis Report
  6) Advanced HDL Synthesis
     6.1) Advanced HDL Synthesis Report
  7) Low Level Synthesis
  8) Partition Report
  9) Final Report
	9.1) Device utilization summary
	9.2) Partition Resource Summary
	9.3) TIMING REPORT


=========================================================================
*                      Synthesis Options Summary                        *
=========================================================================
---- Source Parameters
Input File Name                    : "ece453_top_level.prj"
Input Format                       : mixed
Ignore Synthesis Constraint File   : NO

---- Target Parameters
Output File Name                   : "ece453_top_level"
Output Format                      : NGC
Target Device                      : xc3s1500-4-fg676

---- Source Options
Top Module Name                    : ece453_top_level
Automatic FSM Extraction           : YES
FSM Encoding Algorithm             : Auto
Safe Implementation                : No
FSM Style                          : LUT
RAM Extraction                     : Yes
RAM Style                          : Auto
ROM Extraction                     : Yes
Mux Style                          : Auto
Decoder Extraction                 : YES
Priority Encoder Extraction        : Yes
Shift Register Extraction          : YES
Logical Shifter Extraction         : YES
XOR Collapsing                     : YES
ROM Style                          : Auto
Mux Extraction                     : Yes
Resource Sharing                   : YES
Asynchronous To Synchronous        : NO
Multiplier Style                   : Auto
Automatic Register Balancing       : No

---- Target Options
Add IO Buffers                     : YES
Global Maximum Fanout              : 500
Add Generic Clock Buffer(BUFG)     : 8
Register Duplication               : YES
Slice Packing                      : YES
Optimize Instantiated Primitives   : NO
Use Clock Enable                   : Yes
Use Synchronous Set                : Yes
Use Synchronous Reset              : Yes
Pack IO Registers into IOBs        : Auto
Equivalent register Removal        : YES

---- General Options
Optimization Goal                  : Speed
Optimization Effort                : 1
Keep Hierarchy                     : No
Netlist Hierarchy                  : As_Optimized
RTL Output                         : Yes
Global Optimization                : AllClockNets
Read Cores                         : YES
Write Timing Constraints           : NO
Cross Clock Analysis               : NO
Hierarchy Separator                : /
Bus Delimiter                      : <>
Case Specifier                     : Maintain
Slice Utilization Ratio            : 100
BRAM Utilization Ratio             : 100
Verilog 2001                       : YES
Auto BRAM Packing                  : NO
Slice Utilization Ratio Delta      : 5

=========================================================================


=========================================================================
*                          HDL Compilation                              *
=========================================================================
Compiling verilog file "ece453_master_module.v" in library work
Compiling verilog file "ece453_top_level.v" in library work
Module <ece453_master_module> compiled
Module <ece453_top_level> compiled
No errors in compilation
Analysis of file <"ece453_top_level.prj"> succeeded.
 

=========================================================================
*                     Design Hierarchy Analysis                         *
=========================================================================
Analyzing hierarchy for module <ece453_top_level> in library <work>.


=========================================================================
*                            HDL Analysis                               *
=========================================================================
Analyzing top module <ece453_top_level>.
WARNING:Xst:2211 - "ece453_master_module.v" line 111: Instantiating black box module <ece453_master_module>.
Module <ece453_top_level> is correct for synthesis.
 

=========================================================================
*                           HDL Synthesis                               *
=========================================================================

Performing bidirectional port resolution...

Synthesizing Unit <ece453_top_level>.
    Related source file is "ece453_top_level.v".
    Found 48-bit tristate buffer for signal <MZA_PIO<47:0>>.
    Summary:
	inferred  48 Tristate(s).
Unit <ece453_top_level> synthesized.


=========================================================================
HDL Synthesis Report

Macro Statistics
# Tristates                                            : 48
 1-bit tristate buffer                                 : 48

=========================================================================

=========================================================================
*                       Advanced HDL Synthesis                          *
=========================================================================


=========================================================================
Advanced HDL Synthesis Report

Found no macro
=========================================================================

=========================================================================
*                         Low Level Synthesis                           *
=========================================================================

Optimizing unit <ece453_top_level> ...

Mapping all equations...
WARNING:Xst:2036 - Inserting OBUF on port <PS2_MOUSE_CLK> driven by black box <ece453_master_module>. Possible simulation mismatch.
WARNING:Xst:2036 - Inserting OBUF on port <VE_FIELD_VSYNC> driven by black box <ece453_master_module>. Possible simulation mismatch.
WARNING:Xst:2036 - Inserting OBUF on port <VE_BLANK> driven by black box <ece453_master_module>. Possible simulation mismatch.
WARNING:Xst:2036 - Inserting OBUF on port <VE_HSYNC> driven by black box <ece453_master_module>. Possible simulation mismatch.
WARNING:Xst:2036 - Inserting OBUF on port <PS2_KEYB_DATA> driven by black box <ece453_master_module>. Possible simulation mismatch.
WARNING:Xst:2036 - Inserting OBUF on port <PS2_MOUSE_DATA> driven by black box <ece453_master_module>. Possible simulation mismatch.
WARNING:Xst:2036 - Inserting OBUF on port <I2C_SDA> driven by black box <ece453_master_module>. Possible simulation mismatch.
WARNING:Xst:2036 - Inserting OBUF on port <PS2_KEYB_CLK> driven by black box <ece453_master_module>. Possible simulation mismatch.
WARNING:Xst:2036 - Inserting OBUF on port <I2C_SCL> driven by black box <ece453_master_module>. Possible simulation mismatch.
WARNING:Xst:2036 - Inserting OBUF on port <MZB_D<31>> driven by black box <ece453_master_module>. Possible simulation mismatch.
WARNING:Xst:2036 - Inserting OBUF on port <MZB_D<30>> driven by black box <ece453_master_module>. Possible simulation mismatch.
WARNING:Xst:2036 - Inserting OBUF on port <MZB_D<29>> driven by black box <ece453_master_module>. Possible simulation mismatch.
WARNING:Xst:2036 - Inserting OBUF on port <MZB_D<28>> driven by black box <ece453_master_module>. Possible simulation mismatch.
WARNING:Xst:2036 - Inserting OBUF on port <MZB_D<27>> driven by black box <ece453_master_module>. Possible simulation mismatch.
WARNING:Xst:2036 - Inserting OBUF on port <MZB_D<26>> driven by black box <ece453_master_module>. Possible simulation mismatch.
WARNING:Xst:2036 - Inserting OBUF on port <MZB_D<25>> driven by black box <ece453_master_module>. Possible simulation mismatch.
WARNING:Xst:2036 - Inserting OBUF on port <MZB_D<24>> driven by black box <ece453_master_module>. Possible simulation mismatch.
WARNING:Xst:2036 - Inserting OBUF on port <MZB_D<23>> driven by black box <ece453_master_module>. Possible simulation mismatch.
WARNING:Xst:2036 - Inserting OBUF on port <MZB_D<22>> driven by black box <ece453_master_module>. Possible simulation mismatch.
WARNING:Xst:2036 - Inserting OBUF on port <MZB_D<21>> driven by black box <ece453_master_module>. Possible simulation mismatch.
WARNING:Xst:2036 - Inserting OBUF on port <MZB_D<20>> driven by black box <ece453_master_module>. Possible simulation mismatch.
WARNING:Xst:2036 - Inserting OBUF on port <MZB_D<19>> driven by black box <ece453_master_module>. Possible simulation mismatch.
WARNING:Xst:2036 - Inserting OBUF on port <MZB_D<18>> driven by black box <ece453_master_module>. Possible simulation mismatch.
WARNING:Xst:2036 - Inserting OBUF on port <MZB_D<17>> driven by black box <ece453_master_module>. Possible simulation mismatch.
WARNING:Xst:2036 - Inserting OBUF on port <MZB_D<16>> driven by black box <ece453_master_module>. Possible simulation mismatch.
WARNING:Xst:2036 - Inserting OBUF on port <MZB_D<15>> driven by black box <ece453_master_module>. Possible simulation mismatch.
WARNING:Xst:2036 - Inserting OBUF on port <MZB_D<14>> driven by black box <ece453_master_module>. Possible simulation mismatch.
WARNING:Xst:2036 - Inserting OBUF on port <MZB_D<13>> driven by black box <ece453_master_module>. Possible simulation mismatch.
WARNING:Xst:2036 - Inserting OBUF on port <MZB_D<12>> driven by black box <ece453_master_module>. Possible simulation mismatch.
WARNING:Xst:2036 - Inserting OBUF on port <MZB_D<11>> driven by black box <ece453_master_module>. Possible simulation mismatch.
WARNING:Xst:2036 - Inserting OBUF on port <MZB_D<10>> driven by black box <ece453_master_module>. Possible simulation mismatch.
WARNING:Xst:2036 - Inserting OBUF on port <MZB_D<9>> driven by black box <ece453_master_module>. Possible simulation mismatch.
WARNING:Xst:2036 - Inserting OBUF on port <MZB_D<8>> driven by black box <ece453_master_module>. Possible simulation mismatch.
WARNING:Xst:2036 - Inserting OBUF on port <MZB_D<7>> driven by black box <ece453_master_module>. Possible simulation mismatch.
WARNING:Xst:2036 - Inserting OBUF on port <MZB_D<6>> driven by black box <ece453_master_module>. Possible simulation mismatch.
WARNING:Xst:2036 - Inserting OBUF on port <MZB_D<5>> driven by black box <ece453_master_module>. Possible simulation mismatch.
WARNING:Xst:2036 - Inserting OBUF on port <MZB_D<4>> driven by black box <ece453_master_module>. Possible simulation mismatch.
WARNING:Xst:2036 - Inserting OBUF on port <MZB_D<3>> driven by black box <ece453_master_module>. Possible simulation mismatch.
WARNING:Xst:2036 - Inserting OBUF on port <MZB_D<2>> driven by black box <ece453_master_module>. Possible simulation mismatch.
WARNING:Xst:2036 - Inserting OBUF on port <MZB_D<1>> driven by black box <ece453_master_module>. Possible simulation mismatch.
WARNING:Xst:2036 - Inserting OBUF on port <MZB_D<0>> driven by black box <ece453_master_module>. Possible simulation mismatch.
WARNING:Xst:2036 - Inserting OBUF on port <FLASH_DATA<15>> driven by black box <ece453_master_module>. Possible simulation mismatch.
WARNING:Xst:2036 - Inserting OBUF on port <FLASH_DATA<14>> driven by black box <ece453_master_module>. Possible simulation mismatch.
WARNING:Xst:2036 - Inserting OBUF on port <FLASH_DATA<13>> driven by black box <ece453_master_module>. Possible simulation mismatch.
WARNING:Xst:2036 - Inserting OBUF on port <FLASH_DATA<12>> driven by black box <ece453_master_module>. Possible simulation mismatch.
WARNING:Xst:2036 - Inserting OBUF on port <FLASH_DATA<11>> driven by black box <ece453_master_module>. Possible simulation mismatch.
WARNING:Xst:2036 - Inserting OBUF on port <FLASH_DATA<10>> driven by black box <ece453_master_module>. Possible simulation mismatch.
WARNING:Xst:2036 - Inserting OBUF on port <FLASH_DATA<9>> driven by black box <ece453_master_module>. Possible simulation mismatch.
WARNING:Xst:2036 - Inserting OBUF on port <FLASH_DATA<8>> driven by black box <ece453_master_module>. Possible simulation mismatch.
WARNING:Xst:2036 - Inserting OBUF on port <FLASH_DATA<7>> driven by black box <ece453_master_module>. Possible simulation mismatch.
WARNING:Xst:2036 - Inserting OBUF on port <FLASH_DATA<6>> driven by black box <ece453_master_module>. Possible simulation mismatch.
WARNING:Xst:2036 - Inserting OBUF on port <FLASH_DATA<5>> driven by black box <ece453_master_module>. Possible simulation mismatch.
WARNING:Xst:2036 - Inserting OBUF on port <FLASH_DATA<4>> driven by black box <ece453_master_module>. Possible simulation mismatch.
WARNING:Xst:2036 - Inserting OBUF on port <FLASH_DATA<3>> driven by black box <ece453_master_module>. Possible simulation mismatch.
WARNING:Xst:2036 - Inserting OBUF on port <FLASH_DATA<2>> driven by black box <ece453_master_module>. Possible simulation mismatch.
WARNING:Xst:2036 - Inserting OBUF on port <FLASH_DATA<1>> driven by black box <ece453_master_module>. Possible simulation mismatch.
WARNING:Xst:2036 - Inserting OBUF on port <FLASH_DATA<0>> driven by black box <ece453_master_module>. Possible simulation mismatch.
WARNING:Xst:2036 - Inserting OBUF on port <MZA_PIO<67>> driven by black box <ece453_master_module>. Possible simulation mismatch.
WARNING:Xst:2036 - Inserting OBUF on port <MZA_PIO<66>> driven by black box <ece453_master_module>. Possible simulation mismatch.
WARNING:Xst:2036 - Inserting OBUF on port <MZA_PIO<65>> driven by black box <ece453_master_module>. Possible simulation mismatch.
WARNING:Xst:2036 - Inserting OBUF on port <MZA_PIO<64>> driven by black box <ece453_master_module>. Possible simulation mismatch.
WARNING:Xst:2036 - Inserting OBUF on port <MZA_PIO<63>> driven by black box <ece453_master_module>. Possible simulation mismatch.
WARNING:Xst:2036 - Inserting OBUF on port <MZA_PIO<62>> driven by black box <ece453_master_module>. Possible simulation mismatch.
WARNING:Xst:2036 - Inserting OBUF on port <MZA_PIO<61>> driven by black box <ece453_master_module>. Possible simulation mismatch.
WARNING:Xst:2036 - Inserting OBUF on port <MZA_PIO<60>> driven by black box <ece453_master_module>. Possible simulation mismatch.
WARNING:Xst:2036 - Inserting OBUF on port <MZA_PIO<59>> driven by black box <ece453_master_module>. Possible simulation mismatch.
WARNING:Xst:2036 - Inserting OBUF on port <MZA_PIO<58>> driven by black box <ece453_master_module>. Possible simulation mismatch.
WARNING:Xst:2036 - Inserting OBUF on port <MZA_PIO<57>> driven by black box <ece453_master_module>. Possible simulation mismatch.
WARNING:Xst:2036 - Inserting OBUF on port <MZA_PIO<56>> driven by black box <ece453_master_module>. Possible simulation mismatch.
WARNING:Xst:2036 - Inserting OBUF on port <MZA_PIO<55>> driven by black box <ece453_master_module>. Possible simulation mismatch.
WARNING:Xst:2036 - Inserting OBUF on port <MZA_PIO<54>> driven by black box <ece453_master_module>. Possible simulation mismatch.
WARNING:Xst:2036 - Inserting OBUF on port <MZA_PIO<53>> driven by black box <ece453_master_module>. Possible simulation mismatch.
WARNING:Xst:2036 - Inserting OBUF on port <MZA_PIO<52>> driven by black box <ece453_master_module>. Possible simulation mismatch.
WARNING:Xst:2036 - Inserting OBUF on port <MZA_PIO<51>> driven by black box <ece453_master_module>. Possible simulation mismatch.
WARNING:Xst:2036 - Inserting OBUF on port <MZA_PIO<50>> driven by black box <ece453_master_module>. Possible simulation mismatch.
WARNING:Xst:2036 - Inserting OBUF on port <MZA_PIO<49>> driven by black box <ece453_master_module>. Possible simulation mismatch.
WARNING:Xst:2036 - Inserting OBUF on port <MZA_PIO<48>> driven by black box <ece453_master_module>. Possible simulation mismatch.
WARNING:Xst:2036 - Inserting OBUF on port <VD_NRESET> driven by black box <ece453_master_module>. Possible simulation mismatch.
WARNING:Xst:2036 - Inserting OBUF on port <MZA_OE16> driven by black box <ece453_master_module>. Possible simulation mismatch.
WARNING:Xst:2036 - Inserting OBUF on port <MZA_OE24> driven by black box <ece453_master_module>. Possible simulation mismatch.
WARNING:Xst:2036 - Inserting OBUF on port <MZA_OE32> driven by black box <ece453_master_module>. Possible simulation mismatch.
WARNING:Xst:2036 - Inserting OBUF on port <MZA_OE40> driven by black box <ece453_master_module>. Possible simulation mismatch.
WARNING:Xst:2036 - Inserting OBUF on port <LCD_E> driven by black box <ece453_master_module>. Possible simulation mismatch.
WARNING:Xst:2036 - Inserting OBUF on port <SPI_SS> driven by black box <ece453_master_module>. Possible simulation mismatch.
WARNING:Xst:2036 - Inserting OBUF on port <PS2_ENABLED> driven by black box <ece453_master_module>. Possible simulation mismatch.
WARNING:Xst:2036 - Inserting OBUF on port <MZB_CPLD_DTACK> driven by black box <ece453_master_module>. Possible simulation mismatch.
WARNING:Xst:2036 - Inserting OBUF on port <AC97_SYNC> driven by black box <ece453_master_module>. Possible simulation mismatch.
WARNING:Xst:2036 - Inserting OBUF on port <RS232_CTS> driven by black box <ece453_master_module>. Possible simulation mismatch.
WARNING:Xst:2036 - Inserting OBUF on port <MZA_DIR0> driven by black box <ece453_master_module>. Possible simulation mismatch.
WARNING:Xst:2036 - Inserting OBUF on port <VGA_PIX_CLK> driven by black box <ece453_master_module>. Possible simulation mismatch.
WARNING:Xst:2036 - Inserting OBUF on port <MZA_DIR8> driven by black box <ece453_master_module>. Possible simulation mismatch.
WARNING:Xst:2036 - Inserting OBUF on port <FLASH_NWE> driven by black box <ece453_master_module>. Possible simulation mismatch.
WARNING:Xst:2036 - Inserting OBUF on port <VE_SCRESET_RTC> driven by black box <ece453_master_module>. Possible simulation mismatch.
WARNING:Xst:2036 - Inserting OBUF on port <MZA_OE0> driven by black box <ece453_master_module>. Possible simulation mismatch.
WARNING:Xst:2036 - Inserting OBUF on port <AC97_ID_0> driven by black box <ece453_master_module>. Possible simulation mismatch.
WARNING:Xst:2036 - Inserting OBUF on port <AC97_ID_1> driven by black box <ece453_master_module>. Possible simulation mismatch.
WARNING:Xst:2036 - Inserting OBUF on port <FLASH_NWP> driven by black box <ece453_master_module>. Possible simulation mismatch.
WARNING:Xst:2036 - Inserting OBUF on port <MZA_OE8> driven by black box <ece453_master_module>. Possible simulation mismatch.
WARNING:Xst:2036 - Inserting OBUF on port <MZB_CPLD_IRQ> driven by black box <ece453_master_module>. Possible simulation mismatch.
WARNING:Xst:2036 - Inserting OBUF on port <LCD_BACK> driven by black box <ece453_master_module>. Possible simulation mismatch.
WARNING:Xst:2036 - Inserting OBUF on port <LCD_RS> driven by black box <ece453_master_module>. Possible simulation mismatch.
WARNING:Xst:2036 - Inserting OBUF on port <LCD_RW> driven by black box <ece453_master_module>. Possible simulation mismatch.
WARNING:Xst:2036 - Inserting OBUF on port <VGA_BLANK> driven by black box <ece453_master_module>. Possible simulation mismatch.
WARNING:Xst:2036 - Inserting OBUF on port <VGA_HSYNC> driven by black box <ece453_master_module>. Possible simulation mismatch.
WARNING:Xst:2036 - Inserting OBUF on port <VGA_PSAVE> driven by black box <ece453_master_module>. Possible simulation mismatch.
WARNING:Xst:2036 - Inserting OBUF on port <AC97_RESET_N> driven by black box <ece453_master_module>. Possible simulation mismatch.
WARNING:Xst:2036 - Inserting OBUF on port <RS232_TX> driven by black box <ece453_master_module>. Possible simulation mismatch.
WARNING:Xst:2036 - Inserting OBUF on port <VD_NPWRDWN> driven by black box <ece453_master_module>. Possible simulation mismatch.
WARNING:Xst:2036 - Inserting OBUF on port <FLASH_NRESET> driven by black box <ece453_master_module>. Possible simulation mismatch.
WARNING:Xst:2036 - Inserting OBUF on port <SPI_SCK> driven by black box <ece453_master_module>. Possible simulation mismatch.
WARNING:Xst:2036 - Inserting OBUF on port <MZA_DIR16> driven by black box <ece453_master_module>. Possible simulation mismatch.
WARNING:Xst:2036 - Inserting OBUF on port <VE_RESET> driven by black box <ece453_master_module>. Possible simulation mismatch.
WARNING:Xst:2036 - Inserting OBUF on port <MZA_DIR24> driven by black box <ece453_master_module>. Possible simulation mismatch.
WARNING:Xst:2036 - Inserting OBUF on port <SPI_MOSI> driven by black box <ece453_master_module>. Possible simulation mismatch.
WARNING:Xst:2036 - Inserting OBUF on port <MZA_DIR32> driven by black box <ece453_master_module>. Possible simulation mismatch.
WARNING:Xst:2036 - Inserting OBUF on port <MZA_DIR40> driven by black box <ece453_master_module>. Possible simulation mismatch.
WARNING:Xst:2036 - Inserting OBUF on port <AC97_SDATA_OUT> driven by black box <ece453_master_module>. Possible simulation mismatch.
WARNING:Xst:2036 - Inserting OBUF on port <FLASH_NBYTE> driven by black box <ece453_master_module>. Possible simulation mismatch.
WARNING:Xst:2036 - Inserting OBUF on port <FLASH_NCE> driven by black box <ece453_master_module>. Possible simulation mismatch.
WARNING:Xst:2036 - Inserting OBUF on port <VGA_VSYNC> driven by black box <ece453_master_module>. Possible simulation mismatch.
WARNING:Xst:2036 - Inserting OBUF on port <VE_PAL_NTSC> driven by black box <ece453_master_module>. Possible simulation mismatch.
WARNING:Xst:2036 - Inserting OBUF on port <FLASH_NOE_E> driven by black box <ece453_master_module>. Possible simulation mismatch.
WARNING:Xst:2036 - Inserting OBUF on port <VE_TTX> driven by black box <ece453_master_module>. Possible simulation mismatch.
WARNING:Xst:2036 - Inserting OBUF on port <VGA_SYNC> driven by black box <ece453_master_module>. Possible simulation mismatch.
WARNING:Xst:2036 - Inserting OBUF on port <ACC_PORT_PIN<42>> driven by black box <ece453_master_module>. Possible simulation mismatch.
WARNING:Xst:2036 - Inserting OBUF on port <ACC_PORT_PIN<41>> driven by black box <ece453_master_module>. Possible simulation mismatch.
WARNING:Xst:2036 - Inserting OBUF on port <ACC_PORT_PIN<40>> driven by black box <ece453_master_module>. Possible simulation mismatch.
WARNING:Xst:2036 - Inserting OBUF on port <ACC_PORT_PIN<39>> driven by black box <ece453_master_module>. Possible simulation mismatch.
WARNING:Xst:2036 - Inserting OBUF on port <ACC_PORT_PIN<38>> driven by black box <ece453_master_module>. Possible simulation mismatch.
WARNING:Xst:2036 - Inserting OBUF on port <ACC_PORT_PIN<37>> driven by black box <ece453_master_module>. Possible simulation mismatch.
WARNING:Xst:2036 - Inserting OBUF on port <ACC_PORT_PIN<36>> driven by black box <ece453_master_module>. Possible simulation mismatch.
WARNING:Xst:2036 - Inserting OBUF on port <ACC_PORT_PIN<35>> driven by black box <ece453_master_module>. Possible simulation mismatch.
WARNING:Xst:2036 - Inserting OBUF on port <ACC_PORT_PIN<34>> driven by black box <ece453_master_module>. Possible simulation mismatch.
WARNING:Xst:2036 - Inserting OBUF on port <ACC_PORT_PIN<33>> driven by black box <ece453_master_module>. Possible simulation mismatch.
WARNING:Xst:2036 - Inserting OBUF on port <ACC_PORT_PIN<32>> driven by black box <ece453_master_module>. Possible simulation mismatch.
WARNING:Xst:2036 - Inserting OBUF on port <ACC_PORT_PIN<31>> driven by black box <ece453_master_module>. Possible simulation mismatch.
WARNING:Xst:2036 - Inserting OBUF on port <ACC_PORT_PIN<30>> driven by black box <ece453_master_module>. Possible simulation mismatch.
WARNING:Xst:2036 - Inserting OBUF on port <ACC_PORT_PIN<29>> driven by black box <ece453_master_module>. Possible simulation mismatch.
WARNING:Xst:2036 - Inserting OBUF on port <ACC_PORT_PIN<28>> driven by black box <ece453_master_module>. Possible simulation mismatch.
WARNING:Xst:2036 - Inserting OBUF on port <ACC_PORT_PIN<27>> driven by black box <ece453_master_module>. Possible simulation mismatch.
WARNING:Xst:2036 - Inserting OBUF on port <ACC_PORT_PIN<26>> driven by black box <ece453_master_module>. Possible simulation mismatch.
WARNING:Xst:2036 - Inserting OBUF on port <ACC_PORT_PIN<25>> driven by black box <ece453_master_module>. Possible simulation mismatch.
WARNING:Xst:2036 - Inserting OBUF on port <ACC_PORT_PIN<24>> driven by black box <ece453_master_module>. Possible simulation mismatch.
WARNING:Xst:2036 - Inserting OBUF on port <ACC_PORT_PIN<23>> driven by black box <ece453_master_module>. Possible simulation mismatch.
WARNING:Xst:2036 - Inserting OBUF on port <ACC_PORT_PIN<22>> driven by black box <ece453_master_module>. Possible simulation mismatch.
WARNING:Xst:2036 - Inserting OBUF on port <ACC_PORT_PIN<21>> driven by black box <ece453_master_module>. Possible simulation mismatch.
WARNING:Xst:2036 - Inserting OBUF on port <ACC_PORT_PIN<20>> driven by black box <ece453_master_module>. Possible simulation mismatch.
WARNING:Xst:2036 - Inserting OBUF on port <ACC_PORT_PIN<19>> driven by black box <ece453_master_module>. Possible simulation mismatch.
WARNING:Xst:2036 - Inserting OBUF on port <ACC_PORT_PIN<18>> driven by black box <ece453_master_module>. Possible simulation mismatch.
WARNING:Xst:2036 - Inserting OBUF on port <ACC_PORT_PIN<17>> driven by black box <ece453_master_module>. Possible simulation mismatch.
WARNING:Xst:2036 - Inserting OBUF on port <ACC_PORT_PIN<16>> driven by black box <ece453_master_module>. Possible simulation mismatch.
WARNING:Xst:2036 - Inserting OBUF on port <ACC_PORT_PIN<15>> driven by black box <ece453_master_module>. Possible simulation mismatch.
WARNING:Xst:2036 - Inserting OBUF on port <ACC_PORT_PIN<14>> driven by black box <ece453_master_module>. Possible simulation mismatch.
WARNING:Xst:2036 - Inserting OBUF on port <ACC_PORT_PIN<13>> driven by black box <ece453_master_module>. Possible simulation mismatch.
WARNING:Xst:2036 - Inserting OBUF on port <ACC_PORT_PIN<12>> driven by black box <ece453_master_module>. Possible simulation mismatch.
WARNING:Xst:2036 - Inserting OBUF on port <ACC_PORT_PIN<11>> driven by black box <ece453_master_module>. Possible simulation mismatch.
WARNING:Xst:2036 - Inserting OBUF on port <ACC_PORT_PIN<10>> driven by black box <ece453_master_module>. Possible simulation mismatch.
WARNING:Xst:2036 - Inserting OBUF on port <ACC_PORT_PIN<9>> driven by black box <ece453_master_module>. Possible simulation mismatch.
WARNING:Xst:2036 - Inserting OBUF on port <LCD_DATA<3>> driven by black box <ece453_master_module>. Possible simulation mismatch.
WARNING:Xst:2036 - Inserting OBUF on port <LCD_DATA<2>> driven by black box <ece453_master_module>. Possible simulation mismatch.
WARNING:Xst:2036 - Inserting OBUF on port <LCD_DATA<1>> driven by black box <ece453_master_module>. Possible simulation mismatch.
WARNING:Xst:2036 - Inserting OBUF on port <LCD_DATA<0>> driven by black box <ece453_master_module>. Possible simulation mismatch.
WARNING:Xst:2036 - Inserting OBUF on port <FLASH_ADDR<22>> driven by black box <ece453_master_module>. Possible simulation mismatch.
WARNING:Xst:2036 - Inserting OBUF on port <FLASH_ADDR<21>> driven by black box <ece453_master_module>. Possible simulation mismatch.
WARNING:Xst:2036 - Inserting OBUF on port <FLASH_ADDR<20>> driven by black box <ece453_master_module>. Possible simulation mismatch.
WARNING:Xst:2036 - Inserting OBUF on port <FLASH_ADDR<19>> driven by black box <ece453_master_module>. Possible simulation mismatch.
WARNING:Xst:2036 - Inserting OBUF on port <FLASH_ADDR<18>> driven by black box <ece453_master_module>. Possible simulation mismatch.
WARNING:Xst:2036 - Inserting OBUF on port <FLASH_ADDR<17>> driven by black box <ece453_master_module>. Possible simulation mismatch.
WARNING:Xst:2036 - Inserting OBUF on port <FLASH_ADDR<16>> driven by black box <ece453_master_module>. Possible simulation mismatch.
WARNING:Xst:2036 - Inserting OBUF on port <FLASH_ADDR<15>> driven by black box <ece453_master_module>. Possible simulation mismatch.
WARNING:Xst:2036 - Inserting OBUF on port <FLASH_ADDR<14>> driven by black box <ece453_master_module>. Possible simulation mismatch.
WARNING:Xst:2036 - Inserting OBUF on port <FLASH_ADDR<13>> driven by black box <ece453_master_module>. Possible simulation mismatch.
WARNING:Xst:2036 - Inserting OBUF on port <FLASH_ADDR<12>> driven by black box <ece453_master_module>. Possible simulation mismatch.
WARNING:Xst:2036 - Inserting OBUF on port <FLASH_ADDR<11>> driven by black box <ece453_master_module>. Possible simulation mismatch.
WARNING:Xst:2036 - Inserting OBUF on port <FLASH_ADDR<10>> driven by black box <ece453_master_module>. Possible simulation mismatch.
WARNING:Xst:2036 - Inserting OBUF on port <FLASH_ADDR<9>> driven by black box <ece453_master_module>. Possible simulation mismatch.
WARNING:Xst:2036 - Inserting OBUF on port <FLASH_ADDR<8>> driven by black box <ece453_master_module>. Possible simulation mismatch.
WARNING:Xst:2036 - Inserting OBUF on port <FLASH_ADDR<7>> driven by black box <ece453_master_module>. Possible simulation mismatch.
WARNING:Xst:2036 - Inserting OBUF on port <FLASH_ADDR<6>> driven by black box <ece453_master_module>. Possible simulation mismatch.
WARNING:Xst:2036 - Inserting OBUF on port <FLASH_ADDR<5>> driven by black box <ece453_master_module>. Possible simulation mismatch.
WARNING:Xst:2036 - Inserting OBUF on port <FLASH_ADDR<4>> driven by black box <ece453_master_module>. Possible simulation mismatch.
WARNING:Xst:2036 - Inserting OBUF on port <FLASH_ADDR<3>> driven by black box <ece453_master_module>. Possible simulation mismatch.
WARNING:Xst:2036 - Inserting OBUF on port <FLASH_ADDR<2>> driven by black box <ece453_master_module>. Possible simulation mismatch.
WARNING:Xst:2036 - Inserting OBUF on port <FLASH_ADDR<1>> driven by black box <ece453_master_module>. Possible simulation mismatch.
WARNING:Xst:2036 - Inserting OBUF on port <FLASH_ADDR<0>> driven by black box <ece453_master_module>. Possible simulation mismatch.
WARNING:Xst:2036 - Inserting OBUF on port <VE_DATA<7>> driven by black box <ece453_master_module>. Possible simulation mismatch.
WARNING:Xst:2036 - Inserting OBUF on port <VE_DATA<6>> driven by black box <ece453_master_module>. Possible simulation mismatch.
WARNING:Xst:2036 - Inserting OBUF on port <VE_DATA<5>> driven by black box <ece453_master_module>. Possible simulation mismatch.
WARNING:Xst:2036 - Inserting OBUF on port <VE_DATA<4>> driven by black box <ece453_master_module>. Possible simulation mismatch.
WARNING:Xst:2036 - Inserting OBUF on port <VE_DATA<3>> driven by black box <ece453_master_module>. Possible simulation mismatch.
WARNING:Xst:2036 - Inserting OBUF on port <VE_DATA<2>> driven by black box <ece453_master_module>. Possible simulation mismatch.
WARNING:Xst:2036 - Inserting OBUF on port <VE_DATA<1>> driven by black box <ece453_master_module>. Possible simulation mismatch.
WARNING:Xst:2036 - Inserting OBUF on port <VE_DATA<0>> driven by black box <ece453_master_module>. Possible simulation mismatch.
WARNING:Xst:2036 - Inserting OBUF on port <VGA_B<7>> driven by black box <ece453_master_module>. Possible simulation mismatch.
WARNING:Xst:2036 - Inserting OBUF on port <VGA_B<6>> driven by black box <ece453_master_module>. Possible simulation mismatch.
WARNING:Xst:2036 - Inserting OBUF on port <VGA_B<5>> driven by black box <ece453_master_module>. Possible simulation mismatch.
WARNING:Xst:2036 - Inserting OBUF on port <VGA_B<4>> driven by black box <ece453_master_module>. Possible simulation mismatch.
WARNING:Xst:2036 - Inserting OBUF on port <VGA_B<3>> driven by black box <ece453_master_module>. Possible simulation mismatch.
WARNING:Xst:2036 - Inserting OBUF on port <VGA_B<2>> driven by black box <ece453_master_module>. Possible simulation mismatch.
WARNING:Xst:2036 - Inserting OBUF on port <VGA_B<1>> driven by black box <ece453_master_module>. Possible simulation mismatch.
WARNING:Xst:2036 - Inserting OBUF on port <VGA_B<0>> driven by black box <ece453_master_module>. Possible simulation mismatch.
WARNING:Xst:2036 - Inserting OBUF on port <VGA_G<7>> driven by black box <ece453_master_module>. Possible simulation mismatch.
WARNING:Xst:2036 - Inserting OBUF on port <VGA_G<6>> driven by black box <ece453_master_module>. Possible simulation mismatch.
WARNING:Xst:2036 - Inserting OBUF on port <VGA_G<5>> driven by black box <ece453_master_module>. Possible simulation mismatch.
WARNING:Xst:2036 - Inserting OBUF on port <VGA_G<4>> driven by black box <ece453_master_module>. Possible simulation mismatch.
WARNING:Xst:2036 - Inserting OBUF on port <VGA_G<3>> driven by black box <ece453_master_module>. Possible simulation mismatch.
WARNING:Xst:2036 - Inserting OBUF on port <VGA_G<2>> driven by black box <ece453_master_module>. Possible simulation mismatch.
WARNING:Xst:2036 - Inserting OBUF on port <VGA_G<1>> driven by black box <ece453_master_module>. Possible simulation mismatch.
WARNING:Xst:2036 - Inserting OBUF on port <VGA_G<0>> driven by black box <ece453_master_module>. Possible simulation mismatch.
WARNING:Xst:2036 - Inserting OBUF on port <VGA_R<7>> driven by black box <ece453_master_module>. Possible simulation mismatch.
WARNING:Xst:2036 - Inserting OBUF on port <VGA_R<6>> driven by black box <ece453_master_module>. Possible simulation mismatch.
WARNING:Xst:2036 - Inserting OBUF on port <VGA_R<5>> driven by black box <ece453_master_module>. Possible simulation mismatch.
WARNING:Xst:2036 - Inserting OBUF on port <VGA_R<4>> driven by black box <ece453_master_module>. Possible simulation mismatch.
WARNING:Xst:2036 - Inserting OBUF on port <VGA_R<3>> driven by black box <ece453_master_module>. Possible simulation mismatch.
WARNING:Xst:2036 - Inserting OBUF on port <VGA_R<2>> driven by black box <ece453_master_module>. Possible simulation mismatch.
WARNING:Xst:2036 - Inserting OBUF on port <VGA_R<1>> driven by black box <ece453_master_module>. Possible simulation mismatch.
WARNING:Xst:2036 - Inserting OBUF on port <VGA_R<0>> driven by black box <ece453_master_module>. Possible simulation mismatch.
WARNING:Xst:2036 - Inserting OBUF on port <LED<7>> driven by black box <ece453_master_module>. Possible simulation mismatch.
WARNING:Xst:2036 - Inserting OBUF on port <LED<6>> driven by black box <ece453_master_module>. Possible simulation mismatch.
WARNING:Xst:2036 - Inserting OBUF on port <LED<5>> driven by black box <ece453_master_module>. Possible simulation mismatch.
WARNING:Xst:2036 - Inserting OBUF on port <LED<4>> driven by black box <ece453_master_module>. Possible simulation mismatch.
WARNING:Xst:2036 - Inserting OBUF on port <LED<3>> driven by black box <ece453_master_module>. Possible simulation mismatch.
WARNING:Xst:2036 - Inserting OBUF on port <LED<2>> driven by black box <ece453_master_module>. Possible simulation mismatch.
WARNING:Xst:2036 - Inserting OBUF on port <LED<1>> driven by black box <ece453_master_module>. Possible simulation mismatch.
WARNING:Xst:2036 - Inserting OBUF on port <LED<0>> driven by black box <ece453_master_module>. Possible simulation mismatch.
Building and optimizing final netlist ...
Found area constraint ratio of 100 (+ 5) on block ece453_top_level, actual ratio is 0.

Final Macro Processing ...

=========================================================================
Final Register Report

Found no macro
=========================================================================

=========================================================================
*                           Partition Report                            *
=========================================================================

Partition Implementation Status
-------------------------------

  No Partitions were found in this design.

-------------------------------

=========================================================================
*                            Final Report                               *
=========================================================================
Final Results
RTL Top Level Output File Name     : ece453_top_level.ngr
Top Level Output File Name         : ece453_top_level
Output Format                      : NGC
Optimization Goal                  : Speed
Keep Hierarchy                     : No

Design Statistics
# IOs                              : 362

Cell Usage :
# BELS                             : 6
#      INV                         : 6
# IO Buffers                       : 362
#      IBUF                        : 89
#      IOBUF                       : 48
#      OBUF                        : 225
# Others                           : 1
#      ece453_master_module        : 1
=========================================================================

Device utilization summary:
---------------------------

Selected Device : 3s1500fg676-4 

 Number of Slices:                        3  out of  13312     0%  
 Number of 4 input LUTs:                  6  out of  26624     0%  
 Number of IOs:                         362
 Number of bonded IOBs:                 362  out of    487    74%  

---------------------------
Partition Resource Summary:
---------------------------

  No Partitions were found in this design.

---------------------------


=========================================================================
TIMING REPORT

NOTE: THESE TIMING NUMBERS ARE ONLY A SYNTHESIS ESTIMATE.
      FOR ACCURATE TIMING INFORMATION PLEASE REFER TO THE TRACE REPORT
      GENERATED AFTER PLACE-and-ROUTE.

Clock Information:
------------------
No clock signals found in this design

Asynchronous Control Signals Information:
----------------------------------------
No asynchronous control signals found in this design

Timing Summary:
---------------
Speed Grade: -4

   Minimum period: No path found
   Minimum input arrival time before clock: No path found
   Maximum output required time after clock: No path found
   Maximum combinational path delay: 8.398ns

Timing Detail:
--------------
All values displayed in nanoseconds (ns)

=========================================================================
Timing constraint: Default path analysis
  Total number of paths / destination ports: 458 / 410
-------------------------------------------------------------------------
Delay:               8.398ns (Levels of Logic = 2)
  Source:            MASTER:PIO_DIR40 (PAD)
  Destination:       MZA_PIO<47> (PAD)

  Data Path: MASTER:PIO_DIR40 to MZA_PIO<47>
                                Gate     Net
    Cell:in->out      fanout   Delay   Delay  Logical Name (Net Name)
    ----------------------------------------  ------------
    ece453_master_module:PIO_DIR40    2   0.000   0.877  MASTER (MZA_DIR40_OBUF)
     INV:I->O              8   0.551   1.083  MZA_DIR40_inv1_INV_0 (MZA_DIR40_inv)
     IOBUF:T->IO               5.887          MZA_PIO_47_IOBUF (MZA_PIO<47>)
    ----------------------------------------
    Total                      8.398ns (6.438ns logic, 1.960ns route)
                                       (76.7% logic, 23.3% route)

=========================================================================


Total REAL time to Xst completion: 4.00 secs
Total CPU time to Xst completion: 4.29 secs
 
--> 

Total memory usage is 240260 kilobytes

Number of errors   :    0 (   0 filtered)
Number of warnings :  226 (   0 filtered)
Number of infos    :    0 (   0 filtered)

